[32m[Nest] 32720  - [39m29/06/2026 18:06:22 [32m    LOG[39m [38;5;3m[NestFactory] [39m[32mStarting Nest application...[39m
[32m[Nest] 32720  - [39m29/06/2026 18:06:22 [32m    LOG[39m [38;5;3m[InstanceLoader] [39m[32mAppModule dependencies initialized[39m[38;5;3m +77ms[39m
[32m[Nest] 32720  - [39m29/06/2026 18:06:22 [32m    LOG[39m [38;5;3m[InstanceLoader] [39m[32mPrismaModule dependencies initialized[39m[38;5;3m +2ms[39m
[32m[Nest] 32720  - [39m29/06/2026 18:06:22 [32m    LOG[39m [38;5;3m[InstanceLoader] [39m[32mPassportModule dependencies initialized[39m[38;5;3m +1ms[39m
[32m[Nest] 32720  - [39m29/06/2026 18:06:22 [32m    LOG[39m [38;5;3m[InstanceLoader] [39m[32mSupabaseModule dependencies initialized[39m[38;5;3m +13ms[39m
[32m[Nest] 32720  - [39m29/06/2026 18:06:22 [32m    LOG[39m [38;5;3m[InstanceLoader] [39m[32mJwtModule dependencies initialized[39m[38;5;3m +222ms[39m
[32m[Nest] 32720  - [39m29/06/2026 18:06:22 [32m    LOG[39m [38;5;3m[InstanceLoader] [39m[32mServeStaticModule dependencies initialized[39m[38;5;3m +3ms[39m
[32m[Nest] 32720  - [39m29/06/2026 18:06:22 [32m    LOG[39m [38;5;3m[InstanceLoader] [39m[32mAuthModule dependencies initialized[39m[38;5;3m +5ms[39m
[32m[Nest] 32720  - [39m29/06/2026 18:06:22 [32m    LOG[39m [38;5;3m[InstanceLoader] [39m[32mFilieresModule dependencies initialized[39m[38;5;3m +1ms[39m
[32m[Nest] 32720  - [39m29/06/2026 18:06:22 [32m    LOG[39m [38;5;3m[InstanceLoader] [39m[32mLevelsModule dependencies initialized[39m[38;5;3m +2ms[39m
[32m[Nest] 32720  - [39m29/06/2026 18:06:22 [32m    LOG[39m [38;5;3m[InstanceLoader] [39m[32mCategoriesModule dependencies initialized[39m[38;5;3m +1ms[39m
[32m[Nest] 32720  - [39m29/06/2026 18:06:22 [32m    LOG[39m [38;5;3m[InstanceLoader] [39m[32mSearchModule dependencies initialized[39m[38;5;3m +0ms[39m
[32m[Nest] 32720  - [39m29/06/2026 18:06:22 [32m    LOG[39m [38;5;3m[InstanceLoader] [39m[32mModulesModule dependencies initialized[39m[38;5;3m +0ms[39m
[32m[Nest] 32720  - [39m29/06/2026 18:06:22 [32m    LOG[39m [38;5;3m[InstanceLoader] [39m[32mDocumentsModule dependencies initialized[39m[38;5;3m +1ms[39m
[32m[Nest] 32720  - [39m29/06/2026 18:06:22 [32m    LOG[39m [38;5;3m[RoutesResolver] [39m[32mAuthController {/api/auth}:[39m[38;5;3m +180ms[39m
[32m[Nest] 32720  - [39m29/06/2026 18:06:22 [32m    LOG[39m [38;5;3m[RouterExplorer] [39m[32mMapped {/api/auth/login, POST} route[39m[38;5;3m +11ms[39m
[32m[Nest] 32720  - [39m29/06/2026 18:06:22 [32m    LOG[39m [38;5;3m[RoutesResolver] [39m[32mDocumentsController {/api/documents}:[39m[38;5;3m +1ms[39m
[32m[Nest] 32720  - [39m29/06/2026 18:06:22 [32m    LOG[39m [38;5;3m[RouterExplorer] [39m[32mMapped {/api/documents, GET} route[39m[38;5;3m +3ms[39m
[32m[Nest] 32720  - [39m29/06/2026 18:06:22 [32m    LOG[39m [38;5;3m[RouterExplorer] [39m[32mMapped {/api/documents/popular, GET} route[39m[38;5;3m +2ms[39m
[32m[Nest] 32720  - [39m29/06/2026 18:06:22 [32m    LOG[39m [38;5;3m[RouterExplorer] [39m[32mMapped {/api/documents/latest, GET} route[39m[38;5;3m +1ms[39m
[32m[Nest] 32720  - [39m29/06/2026 18:06:22 [32m    LOG[39m [38;5;3m[RouterExplorer] [39m[32mMapped {/api/documents/:slug, GET} route[39m[38;5;3m +3ms[39m
[32m[Nest] 32720  - [39m29/06/2026 18:06:22 [32m    LOG[39m [38;5;3m[RouterExplorer] [39m[32mMapped {/api/documents, POST} route[39m[38;5;3m +2ms[39m
[32m[Nest] 32720  - [39m29/06/2026 18:06:22 [32m    LOG[39m [38;5;3m[RouterExplorer] [39m[32mMapped {/api/documents/:id, PUT} route[39m[38;5;3m +2ms[39m
[32m[Nest] 32720  - [39m29/06/2026 18:06:22 [32m    LOG[39m [38;5;3m[RouterExplorer] [39m[32mMapped {/api/documents/:id, DELETE} route[39m[38;5;3m +1ms[39m
[32m[Nest] 32720  - [39m29/06/2026 18:06:22 [32m    LOG[39m [38;5;3m[RouterExplorer] [39m[32mMapped {/api/documents/:id/related, GET} route[39m[38;5;3m +2ms[39m
[32m[Nest] 32720  - [39m29/06/2026 18:06:22 [32m    LOG[39m [38;5;3m[RouterExplorer] [39m[32mMapped {/api/documents/:id/view, POST} route[39m[38;5;3m +2ms[39m
[32m[Nest] 32720  - [39m29/06/2026 18:06:22 [32m    LOG[39m [38;5;3m[RouterExplorer] [39m[32mMapped {/api/documents/:id/download, POST} route[39m[38;5;3m +2ms[39m
[32m[Nest] 32720  - [39m29/06/2026 18:06:22 [32m    LOG[39m [38;5;3m[RoutesResolver] [39m[32mFilieresController {/api/filieres}:[39m[38;5;3m +1ms[39m
[32m[Nest] 32720  - [39m29/06/2026 18:06:23 [32m    LOG[39m [38;5;3m[RouterExplorer] [39m[32mMapped {/api/filieres, GET} route[39m[38;5;3m +1ms[39m
[32m[Nest] 32720  - [39m29/06/2026 18:06:23 [32m    LOG[39m [38;5;3m[RouterExplorer] [39m[32mMapped {/api/filieres/:slug, GET} route[39m[38;5;3m +1ms[39m
[32m[Nest] 32720  - [39m29/06/2026 18:06:23 [32m    LOG[39m [38;5;3m[RouterExplorer] [39m[32mMapped {/api/filieres, POST} route[39m[38;5;3m +1ms[39m
[32m[Nest] 32720  - [39m29/06/2026 18:06:23 [32m    LOG[39m [38;5;3m[RouterExplorer] [39m[32mMapped {/api/filieres/:id, PUT} route[39m[38;5;3m +2ms[39m
[32m[Nest] 32720  - [39m29/06/2026 18:06:23 [32m    LOG[39m [38;5;3m[RouterExplorer] [39m[32mMapped {/api/filieres/:id, DELETE} route[39m[38;5;3m +1ms[39m
[32m[Nest] 32720  - [39m29/06/2026 18:06:23 [32m    LOG[39m [38;5;3m[RoutesResolver] [39m[32mLevelsController {/api/levels}:[39m[38;5;3m +1ms[39m
[32m[Nest] 32720  - [39m29/06/2026 18:06:23 [32m    LOG[39m [38;5;3m[RouterExplorer] [39m[32mMapped {/api/levels, GET} route[39m[38;5;3m +1ms[39m
[32m[Nest] 32720  - [39m29/06/2026 18:06:23 [32m    LOG[39m [38;5;3m[RouterExplorer] [39m[32mMapped {/api/levels, POST} route[39m[38;5;3m +1ms[39m
[32m[Nest] 32720  - [39m29/06/2026 18:06:23 [32m    LOG[39m [38;5;3m[RouterExplorer] [39m[32mMapped {/api/levels/:id, DELETE} route[39m[38;5;3m +2ms[39m
[32m[Nest] 32720  - [39m29/06/2026 18:06:23 [32m    LOG[39m [38;5;3m[RoutesResolver] [39m[32mCategoriesController {/api/categories}:[39m[38;5;3m +4ms[39m
[32m[Nest] 32720  - [39m29/06/2026 18:06:23 [32m    LOG[39m [38;5;3m[RouterExplorer] [39m[32mMapped {/api/categories, GET} route[39m[38;5;3m +1ms[39m
[32m[Nest] 32720  - [39m29/06/2026 18:06:23 [32m    LOG[39m [38;5;3m[RouterExplorer] [39m[32mMapped {/api/categories, POST} route[39m[38;5;3m +1ms[39m
[32m[Nest] 32720  - [39m29/06/2026 18:06:23 [32m    LOG[39m [38;5;3m[RouterExplorer] [39m[32mMapped {/api/categories/:id, DELETE} route[39m[38;5;3m +2ms[39m
[32m[Nest] 32720  - [39m29/06/2026 18:06:23 [32m    LOG[39m [38;5;3m[RoutesResolver] [39m[32mSearchController {/api/search}:[39m[38;5;3m +1ms[39m
[32m[Nest] 32720  - [39m29/06/2026 18:06:23 [32m    LOG[39m [38;5;3m[RouterExplorer] [39m[32mMapped {/api/search, GET} route[39m[38;5;3m +1ms[39m
[32m[Nest] 32720  - [39m29/06/2026 18:06:23 [32m    LOG[39m [38;5;3m[RouterExplorer] [39m[32mMapped {/api/search/sync, POST} route[39m[38;5;3m +1ms[39m
[32m[Nest] 32720  - [39m29/06/2026 18:06:23 [32m    LOG[39m [38;5;3m[RoutesResolver] [39m[32mModulesController {/api/modules}:[39m[38;5;3m +0ms[39m
[32m[Nest] 32720  - [39m29/06/2026 18:06:23 [32m    LOG[39m [38;5;3m[RouterExplorer] [39m[32mMapped {/api/modules, GET} route[39m[38;5;3m +1ms[39m
[32m[Nest] 32720  - [39m29/06/2026 18:06:23 [32m    LOG[39m [38;5;3m[RouterExplorer] [39m[32mMapped {/api/modules/:id, GET} route[39m[38;5;3m +1ms[39m
[32m[Nest] 32720  - [39m29/06/2026 18:06:23 [32m    LOG[39m [38;5;3m[RouterExplorer] [39m[32mMapped {/api/modules, POST} route[39m[38;5;3m +1ms[39m
[32m[Nest] 32720  - [39m29/06/2026 18:06:23 [32m    LOG[39m [38;5;3m[RouterExplorer] [39m[32mMapped {/api/modules/:id, PUT} route[39m[38;5;3m +1ms[39m
[32m[Nest] 32720  - [39m29/06/2026 18:06:23 [32m    LOG[39m [38;5;3m[RouterExplorer] [39m[32mMapped {/api/modules/:id, DELETE} route[39m[38;5;3m +3ms[39m
[33m[Nest] 32720  - [39m29/06/2026 18:06:23 [33m   WARN[39m [38;5;3m[SearchService] [39m[33mMeilisearch not available, search fallback to Prisma LIKE[39m
[32m[Nest] 32720  - [39m29/06/2026 18:06:24 [32m    LOG[39m [38;5;3m[NestApplication] [39m[32mNest application successfully started[39m[38;5;3m +1242ms[39m
API running on http://localhost:4000
